BEGIN:VTIMEZONE
TZID:Europe/Brussels
TZURL:https://spatie.be
LAST-MODIFIED:20200516T100000Z
BEGIN:STANDARD
DTSTART:20200516T120000Z
TZOFFSETFROM:+00:00
TZOFFSETTO:+02:00
END:STANDARD
END:VTIMEZONE