BEGIN:DAYLIGHT
DTSTART:20200516T120000
TZOFFSETFROM:+00:00
TZOFFSETTO:+02:00
TZNAME:Europe - Brussels
COMMENT:Belgian timezones ftw!
RRULE:FREQ=DAILY
END:DAYLIGHT